[09:24:48:493]110336:[DBG]:CMD:[0xE5]->[0x20]
[09:24:48:493]110336:[DBG]:   :[0x01]->[0x0B]
[09:24:48:493]110336:[DBG]:   :[0x02]->[0x08]
[09:24:48:493]110336:[DBG]:   :[0x03]->[0x0B]
[09:24:48:524]110336:[DBG]:   :[0x04]->[0x08]
[09:24:48:493]110336:[DBG]:CMD:[0xE5]->[0x20]
[09:24:48:493]110336:[DBG]:   :[0x01]->[0x0B]
[09:24:48:493]110336:[DBG]:   :[0x02]->[0x08]
[09:24:48:493]110336:[DBG]:   :[0x03]->[0x0B]
[09:24:48:524]110336:[DBG]:   :[0x04]->[0x08]